// Jest Snapshot v1, https://goo.gl/fbAQLP

exports[`<Home /> sholud create a snapshot 1`] = `
<div
  className="Layoutstyled__PageRoot-sc-4y9azy-0 hPkiKL"
>
  <header
    data-testid="header"
  />
  <main>
    <div
      className="HomeIntrostyled__SectionHomeIntro-sc-1qf9m4w-0 fUQVv stage-top"
    >
      <div
        className="grid__Container-sc-d4fn36-1 fRjlRx container-1"
      >
        <div
          className="HomeIntrostyled__IntroTextWrapper-sc-1qf9m4w-1 cOAiQK"
        >
          <div
            data-testid="page-wrapper"
          >
            <h1
              className="MuiTypography-root MuiTypography-h1 typography__H1-sc-xr9g5q-0 jAuTlg h1 bold m-30-bottom css-o2w69a-MuiTypography-root"
            >
              <span
                className="title-paragraph"
              >
                Welcome to
              </span>
               
              <span
                className="title-paragraph"
              >
                4leggedbuddy
              </span>
            </h1>
            <p
              className="MuiTypography-root MuiTypography-body1 typography__Paragraph-sc-xr9g5q-4 cOiiYf p m-15-top bold css-ahj2mt-MuiTypography-root"
            >
              We try to connect dog owners with trusted local people who would love to look after their dog. We make it easy to arrange walks, playtime, overnight stays or holidays. Our aim is to help dog owners when they need it, give dogs more exercise and playtime and to allow people without a dog to spend quality time with one. We call it a win-win (or a woof-­woof) situation for everyone involved.
            </p>
          </div>
        </div>
      </div>
    </div>
  </main>
  <footer
    className="Footerstyled__Footer-sc-1bb7f11-0 dhrBbg contacts"
  >
    <div
      className="Footerstyled__FooterContent-sc-1bb7f11-1 kCFVeW"
    >
      <p>
        © Przemek Lewtak 
        2022
      </p>
    </div>
  </footer>
</div>
`;
